/v1/bindings                                                 ro-nosecret=deny ro-secret=allow rw=allow
/v1/componentstatuses                                        ro-nosecret=deny ro-secret=allow rw=allow
/v1/configmaps                                               ro-nosecret=allow ro-secret=allow rw=allow
/v1/endpoints                                                ro-nosecret=allow ro-secret=allow rw=allow
/v1/events                                                   ro-nosecret=allow ro-secret=allow rw=allow
/v1/limitranges                                              ro-nosecret=allow ro-secret=allow rw=allow
/v1/namespaces                                               ro-nosecret=allow ro-secret=allow rw=allow
/v1/namespaces/finalize                                      ro-nosecret=deny ro-secret=allow rw=allow
/v1/namespaces/status                                        ro-nosecret=deny ro-secret=allow rw=allow
/v1/nodes                                                    ro-nosecret=allow ro-secret=allow rw=allow
/v1/nodes/proxy                                              ro-nosecret=deny ro-secret=deny rw=deny
/v1/nodes/status                                             ro-nosecret=allow ro-secret=allow rw=allow
/v1/persistentvolumeclaims                                   ro-nosecret=allow ro-secret=allow rw=allow
/v1/persistentvolumeclaims/status                            ro-nosecret=deny ro-secret=allow rw=allow
/v1/persistentvolumes                                        ro-nosecret=allow ro-secret=allow rw=allow
/v1/persistentvolumes/status                                 ro-nosecret=deny ro-secret=allow rw=allow
/v1/pods                                                     ro-nosecret=allow ro-secret=allow rw=allow
/v1/pods/attach                                              ro-nosecret=deny ro-secret=deny rw=deny
/v1/pods/binding                                             ro-nosecret=deny ro-secret=allow rw=allow
/v1/pods/ephemeralcontainers                                 ro-nosecret=deny ro-secret=allow rw=allow
/v1/pods/eviction                                            ro-nosecret=deny ro-secret=allow rw=allow
/v1/pods/exec                                                ro-nosecret=deny ro-secret=deny rw=deny
/v1/pods/log                                                 ro-nosecret=allow ro-secret=allow rw=allow
/v1/pods/portforward                                         ro-nosecret=deny ro-secret=deny rw=deny
/v1/pods/proxy                                               ro-nosecret=deny ro-secret=deny rw=deny
/v1/pods/status                                              ro-nosecret=allow ro-secret=allow rw=allow
/v1/podtemplates                                             ro-nosecret=deny ro-secret=allow rw=allow
/v1/replicationcontrollers                                   ro-nosecret=allow ro-secret=allow rw=allow
/v1/replicationcontrollers/scale                             ro-nosecret=deny ro-secret=allow rw=allow
/v1/replicationcontrollers/status                            ro-nosecret=deny ro-secret=allow rw=allow
/v1/resourcequotas                                           ro-nosecret=allow ro-secret=allow rw=allow
/v1/resourcequotas/status                                    ro-nosecret=deny ro-secret=allow rw=allow
/v1/secrets                                                  ro-nosecret=deny ro-secret=allow rw=allow
/v1/serviceaccounts                                          ro-nosecret=allow ro-secret=allow rw=allow
/v1/serviceaccounts/token                                    ro-nosecret=deny ro-secret=deny rw=deny
/v1/services                                                 ro-nosecret=allow ro-secret=allow rw=allow
/v1/services/proxy                                           ro-nosecret=deny ro-secret=deny rw=deny
/v1/services/status                                          ro-nosecret=deny ro-secret=allow rw=allow
admissionregistration.k8s.io/v1/mutatingwebhookconfigurations ro-nosecret=deny ro-secret=allow rw=allow
admissionregistration.k8s.io/v1/validatingadmissionpolicies  ro-nosecret=deny ro-secret=allow rw=allow
admissionregistration.k8s.io/v1/validatingadmissionpolicies/status ro-nosecret=deny ro-secret=allow rw=allow
admissionregistration.k8s.io/v1/validatingadmissionpolicybindings ro-nosecret=deny ro-secret=allow rw=allow
admissionregistration.k8s.io/v1/validatingwebhookconfigurations ro-nosecret=deny ro-secret=allow rw=allow
apiextensions.k8s.io/v1/customresourcedefinitions            ro-nosecret=allow ro-secret=allow rw=allow
apiextensions.k8s.io/v1/customresourcedefinitions/status     ro-nosecret=deny ro-secret=allow rw=allow
apiregistration.k8s.io/v1/apiservices                        ro-nosecret=deny ro-secret=allow rw=allow
apiregistration.k8s.io/v1/apiservices/status                 ro-nosecret=deny ro-secret=allow rw=allow
apps/v1/controllerrevisions                                  ro-nosecret=allow ro-secret=allow rw=allow
apps/v1/daemonsets                                           ro-nosecret=allow ro-secret=allow rw=allow
apps/v1/daemonsets/status                                    ro-nosecret=deny ro-secret=allow rw=allow
apps/v1/deployments                                          ro-nosecret=allow ro-secret=allow rw=allow
apps/v1/deployments/scale                                    ro-nosecret=deny ro-secret=allow rw=allow
apps/v1/deployments/status                                   ro-nosecret=allow ro-secret=allow rw=allow
apps/v1/replicasets                                          ro-nosecret=allow ro-secret=allow rw=allow
apps/v1/replicasets/scale                                    ro-nosecret=deny ro-secret=allow rw=allow
apps/v1/replicasets/status                                   ro-nosecret=deny ro-secret=allow rw=allow
apps/v1/statefulsets                                         ro-nosecret=allow ro-secret=allow rw=allow
apps/v1/statefulsets/scale                                   ro-nosecret=deny ro-secret=allow rw=allow
apps/v1/statefulsets/status                                  ro-nosecret=deny ro-secret=allow rw=allow
authentication.k8s.io/v1/selfsubjectreviews                  ro-nosecret=deny ro-secret=allow rw=allow
authentication.k8s.io/v1/tokenreviews                        ro-nosecret=deny ro-secret=allow rw=allow
authorization.k8s.io/v1/localsubjectaccessreviews            ro-nosecret=deny ro-secret=allow rw=allow
authorization.k8s.io/v1/selfsubjectaccessreviews             ro-nosecret=deny ro-secret=allow rw=allow
authorization.k8s.io/v1/selfsubjectrulesreviews              ro-nosecret=deny ro-secret=allow rw=allow
authorization.k8s.io/v1/subjectaccessreviews                 ro-nosecret=deny ro-secret=allow rw=allow
autoscaling/v1/horizontalpodautoscalers                      ro-nosecret=allow ro-secret=allow rw=allow
autoscaling/v1/horizontalpodautoscalers/status               ro-nosecret=deny ro-secret=allow rw=allow
autoscaling/v2/horizontalpodautoscalers                      ro-nosecret=allow ro-secret=allow rw=allow
autoscaling/v2/horizontalpodautoscalers/status               ro-nosecret=deny ro-secret=allow rw=allow
batch/v1/cronjobs                                            ro-nosecret=allow ro-secret=allow rw=allow
batch/v1/cronjobs/status                                     ro-nosecret=deny ro-secret=allow rw=allow
batch/v1/jobs                                                ro-nosecret=allow ro-secret=allow rw=allow
batch/v1/jobs/status                                         ro-nosecret=deny ro-secret=allow rw=allow
certificates.k8s.io/v1/certificatesigningrequests            ro-nosecret=deny ro-secret=allow rw=allow
certificates.k8s.io/v1/certificatesigningrequests/approval   ro-nosecret=deny ro-secret=deny rw=deny
certificates.k8s.io/v1/certificatesigningrequests/status     ro-nosecret=deny ro-secret=deny rw=deny
coordination.k8s.io/v1/leases                                ro-nosecret=allow ro-secret=allow rw=allow
discovery.k8s.io/v1/endpointslices                           ro-nosecret=allow ro-secret=allow rw=allow
events.k8s.io/v1/events                                      ro-nosecret=allow ro-secret=allow rw=allow
example.com/v1/widgets                                       ro-nosecret=deny ro-secret=allow rw=allow
flowcontrol.apiserver.k8s.io/v1/flowschemas                  ro-nosecret=deny ro-secret=allow rw=allow
flowcontrol.apiserver.k8s.io/v1/flowschemas/status           ro-nosecret=deny ro-secret=allow rw=allow
flowcontrol.apiserver.k8s.io/v1/prioritylevelconfigurations  ro-nosecret=deny ro-secret=allow rw=allow
flowcontrol.apiserver.k8s.io/v1/prioritylevelconfigurations/status ro-nosecret=deny ro-secret=allow rw=allow
flowcontrol.apiserver.k8s.io/v1beta3/flowschemas             ro-nosecret=deny ro-secret=allow rw=allow
flowcontrol.apiserver.k8s.io/v1beta3/flowschemas/status      ro-nosecret=deny ro-secret=allow rw=allow
flowcontrol.apiserver.k8s.io/v1beta3/prioritylevelconfigurations ro-nosecret=deny ro-secret=allow rw=allow
flowcontrol.apiserver.k8s.io/v1beta3/prioritylevelconfigurations/status ro-nosecret=deny ro-secret=allow rw=allow
helm.cattle.io/v1/helmchartconfigs                           ro-nosecret=deny ro-secret=allow rw=allow
helm.cattle.io/v1/helmcharts                                 ro-nosecret=deny ro-secret=allow rw=allow
k3s.cattle.io/v1/addons                                      ro-nosecret=deny ro-secret=allow rw=allow
k3s.cattle.io/v1/etcdsnapshotfiles                           ro-nosecret=deny ro-secret=allow rw=allow
networking.k8s.io/v1/ingressclasses                          ro-nosecret=allow ro-secret=allow rw=allow
networking.k8s.io/v1/ingresses                               ro-nosecret=allow ro-secret=allow rw=allow
networking.k8s.io/v1/ingresses/status                        ro-nosecret=deny ro-secret=allow rw=allow
networking.k8s.io/v1/networkpolicies                         ro-nosecret=allow ro-secret=allow rw=allow
node.k8s.io/v1/runtimeclasses                                ro-nosecret=allow ro-secret=allow rw=allow
policy/v1/poddisruptionbudgets                               ro-nosecret=allow ro-secret=allow rw=allow
policy/v1/poddisruptionbudgets/status                        ro-nosecret=deny ro-secret=allow rw=allow
rbac.authorization.k8s.io/v1/clusterrolebindings             ro-nosecret=deny ro-secret=allow rw=allow
rbac.authorization.k8s.io/v1/clusterroles                    ro-nosecret=deny ro-secret=allow rw=allow
rbac.authorization.k8s.io/v1/rolebindings                    ro-nosecret=deny ro-secret=allow rw=allow
rbac.authorization.k8s.io/v1/roles                           ro-nosecret=deny ro-secret=allow rw=allow
scheduling.k8s.io/v1/priorityclasses                         ro-nosecret=allow ro-secret=allow rw=allow
storage.k8s.io/v1/csidrivers                                 ro-nosecret=allow ro-secret=allow rw=allow
storage.k8s.io/v1/csinodes                                   ro-nosecret=allow ro-secret=allow rw=allow
storage.k8s.io/v1/csistoragecapacities                       ro-nosecret=deny ro-secret=allow rw=allow
storage.k8s.io/v1/storageclasses                             ro-nosecret=allow ro-secret=allow rw=allow
storage.k8s.io/v1/volumeattachments                          ro-nosecret=allow ro-secret=allow rw=allow
storage.k8s.io/v1/volumeattachments/status                   ro-nosecret=deny ro-secret=allow rw=allow
